2025/05/28 21:26:30 🚀 Запуск TeleOko v2.0 - Система видеонаблюдения
2025/05/28 21:26:30 ================================================
2025/05/28 21:26:30 ✅ Конфигурация загружена: 16 каналов
2025/05/28 21:26:30 ✅ Конфигурация загружена
2025/05/28 21:26:30 🌐 IP-адрес сервера: 192.168.8.4
2025/05/28 21:26:30 🎥 Инициализация go2rtc...
2025/05/28 21:26:30 🚀 Запуск go2rtc: /Users/eldar/Downloads/TeleOko-main-2/go2rtc
21:26:30.816 INF go2rtc platform=darwin/arm64 revision=fa580c5 version=1.9.9
21:26:30.818 INF config path=/Users/eldar/Downloads/TeleOko-main-2/go2rtc.yaml
21:26:30.819 INF [rtsp] listen addr=:8554
21:26:30.819 INF [api] listen addr=:1984
21:26:30.821 INF [webrtc] listen addr=:1984
2025/05/28 21:26:32 ✅ go2rtc запущен (PID: 1836)
2025/05/28 21:26:32 ✅ go2rtc успешно запущен
2025/05/28 21:26:32 ✅ go2rtc успешно запущен
2025/05/28 21:26:35 
2025/05/28 21:26:35 🎉 TeleOko v2.0 готов к работе!
2025/05/28 21:26:35 ================================
2025/05/28 21:26:35 🌍 Веб-интерфейс:    http://localhost:8082
2025/05/28 21:26:35 🌐 По сети:          http://192.168.8.4:8082
2025/05/28 21:26:35 📺 Каналов:          16
2025/05/28 21:26:35 🎥 go2rtc:           http://localhost:1984
2025/05/28 21:26:35 
[GIN] 2025/05/28 - 21:26:57 | 200 |    3.114125ms | 2a03:32c0:300d:996e:b52c:6bf3:7924:ac5c | GET      "/"
[GIN] 2025/05/28 - 21:26:58 | 200 |    5.081417ms | 2a03:32c0:300d:996e:b52c:6bf3:7924:ac5c | GET      "/static/css/style.css"
[GIN] 2025/05/28 - 21:26:58 | 200 |     637.084µs | 2a03:32c0:300d:996e:b52c:6bf3:7924:ac5c | GET      "/static/js/main.js"
[GIN] 2025/05/28 - 21:26:59 | 200 |    6.064792ms | 2a03:32c0:300d:996e:b52c:6bf3:7924:ac5c | GET      "/api/info"
[GIN] 2025/05/28 - 21:26:59 | 200 |    6.552875ms | 2a03:32c0:300d:996e:b52c:6bf3:7924:ac5c | GET      "/api/info"
2025/05/28 21:27:01 🔴 ПРЯМОЙ ЭФИР - Запрос канала 502 (📹 Камера 5)
[GIN] 2025/05/28 - 21:27:01 | 200 |     1.04825ms | 2a03:32c0:300d:996e:b52c:6bf3:7924:ac5c | GET      "/api/stream/502"
2025/05/28 21:27:02 🎯 WebRTC OFFER для канала 502
2025/05/28 21:27:02 🔄 Отправка запроса к go2rtc: http://localhost:1984/api/webrtc?src=502
2025/05/28 21:27:02 📤 Отправка запроса к go2rtc...
2025/05/28 21:27:02 📥 Получен ответ от go2rtc: 200 OK
2025/05/28 21:27:02 ✅ WebRTC answer получен для канала 502
[GIN] 2025/05/28 - 21:27:02 | 200 |  286.159541ms | 2a03:32c0:300d:996e:b52c:6bf3:7924:ac5c | POST     "/api/webrtc/offer?channel=502"
[GIN] 2025/05/28 - 21:27:29 | 200 |     169.792µs | 2a03:32c0:300d:996e:b52c:6bf3:7924:ac5c | GET      "/api/info"
[GIN] 2025/05/28 - 21:27:29 | 200 |     308.333µs | 2a03:32c0:300d:996e:b52c:6bf3:7924:ac5c | GET      "/api/info"
[GIN] 2025/05/28 - 21:27:59 | 200 |     648.625µs | 2a03:32c0:300d:996e:b52c:6bf3:7924:ac5c | GET      "/api/info"
[GIN] 2025/05/28 - 21:27:59 | 200 |     250.333µs | 2a03:32c0:300d:996e:b52c:6bf3:7924:ac5c | GET      "/api/info"
[GIN] 2025/05/28 - 21:28:11 | 404 |       8.083µs |             ::1 | GET      "/api/cameras"
[GIN] 2025/05/28 - 21:28:11 | 200 |     483.709µs |             ::1 | GET      "/api/info"
[GIN] 2025/05/28 - 21:28:29 | 200 |       739.5µs | 2a03:32c0:300d:996e:b52c:6bf3:7924:ac5c | GET      "/api/info"
[GIN] 2025/05/28 - 21:28:29 | 200 |     337.875µs | 2a03:32c0:300d:996e:b52c:6bf3:7924:ac5c | GET      "/api/info"
[GIN] 2025/05/28 - 21:28:59 | 200 |     481.583µs | 2a03:32c0:300d:996e:b52c:6bf3:7924:ac5c | GET      "/api/info"
[GIN] 2025/05/28 - 21:28:59 | 200 |     117.375µs | 2a03:32c0:300d:996e:b52c:6bf3:7924:ac5c | GET      "/api/info"
[GIN] 2025/05/28 - 21:29:29 | 200 |         931µs | 2a03:32c0:300d:996e:b52c:6bf3:7924:ac5c | GET      "/api/info"
[GIN] 2025/05/28 - 21:29:29 | 200 |      316.25µs | 2a03:32c0:300d:996e:b52c:6bf3:7924:ac5c | GET      "/api/info"
[GIN] 2025/05/28 - 21:29:53 | 200 |    1.554958ms |   212.96.82.166 | GET      "/"
[GIN] 2025/05/28 - 21:29:54 | 200 |    1.625542ms |   212.96.82.166 | GET      "/static/css/style.css"
[GIN] 2025/05/28 - 21:29:55 | 200 |    1.843708ms |   212.96.82.166 | GET      "/static/js/main.js"
[GIN] 2025/05/28 - 21:29:56 | 200 |     364.375µs |   212.96.82.166 | GET      "/api/info"
[GIN] 2025/05/28 - 21:29:56 | 200 |     585.416µs |    66.102.9.231 | GET      "/"
[GIN] 2025/05/28 - 21:29:57 | 200 |     225.375µs |    66.102.9.237 | GET      "/"
[GIN] 2025/05/28 - 21:29:57 | 200 |     343.916µs |    66.102.9.234 | GET      "/"
[GIN] 2025/05/28 - 21:29:57 | 200 |     318.042µs |   212.96.82.166 | GET      "/api/info"
[GIN] 2025/05/28 - 21:29:57 | 200 |     487.083µs |    66.102.9.234 | GET      "/static/css/style.css"
[GIN] 2025/05/28 - 21:29:57 | 200 |     849.417µs |    66.102.9.234 | GET      "/static/js/main.js"
[GIN] 2025/05/28 - 21:29:57 | 200 |     389.125µs |    66.102.9.235 | GET      "/static/css/style.css"
[GIN] 2025/05/28 - 21:29:58 | 200 |     331.417µs |    66.102.9.234 | GET      "/api/info"
[GIN] 2025/05/28 - 21:29:58 | 200 |     348.458µs |    66.102.9.233 | GET      "/api/info"
2025/05/28 21:29:58 🔴 ПРЯМОЙ ЭФИР - Запрос канала 602 (📹 Камера 6)
[GIN] 2025/05/28 - 21:29:58 | 200 |     175.291µs |   212.96.82.166 | GET      "/api/stream/602"
[GIN] 2025/05/28 - 21:29:59 | 200 |     270.083µs | 2a03:32c0:300d:996e:b52c:6bf3:7924:ac5c | GET      "/api/info"
[GIN] 2025/05/28 - 21:29:59 | 200 |     353.125µs | 2a03:32c0:300d:996e:b52c:6bf3:7924:ac5c | GET      "/api/info"
2025/05/28 21:29:59 🎯 WebRTC OFFER для канала 602
2025/05/28 21:29:59 🔄 Отправка запроса к go2rtc: http://localhost:1984/api/webrtc?src=602
2025/05/28 21:29:59 📤 Отправка запроса к go2rtc...
2025/05/28 21:29:59 📥 Получен ответ от go2rtc: 200 OK
2025/05/28 21:29:59 ✅ WebRTC answer получен для канала 602
[GIN] 2025/05/28 - 21:29:59 | 200 |  164.121084ms |   212.96.82.166 | POST     "/api/webrtc/offer?channel=602"
2025/05/28 21:30:06 🔴 ПРЯМОЙ ЭФИР - Запрос канала 602 (📹 Камера 6)
[GIN] 2025/05/28 - 21:30:06 | 200 |     550.834µs |   212.96.82.166 | GET      "/api/stream/602"
2025/05/28 21:30:06 🎯 WebRTC OFFER для канала 602
2025/05/28 21:30:06 🔄 Отправка запроса к go2rtc: http://localhost:1984/api/webrtc?src=602
2025/05/28 21:30:06 📤 Отправка запроса к go2rtc...
2025/05/28 21:30:06 📥 Получен ответ от go2rtc: 200 OK
2025/05/28 21:30:06 ✅ WebRTC answer получен для канала 602
[GIN] 2025/05/28 - 21:30:06 | 200 |    137.2805ms |   212.96.82.166 | POST     "/api/webrtc/offer?channel=602"
2025/05/28 21:30:09 🔴 ПРЯМОЙ ЭФИР - Запрос канала 602 (📹 Камера 6)
[GIN] 2025/05/28 - 21:30:09 | 200 |     471.041µs |   212.96.82.166 | GET      "/api/stream/602"
2025/05/28 21:30:09 🎯 WebRTC OFFER для канала 602
2025/05/28 21:30:09 🔄 Отправка запроса к go2rtc: http://localhost:1984/api/webrtc?src=602
2025/05/28 21:30:09 📤 Отправка запроса к go2rtc...
2025/05/28 21:30:10 📥 Получен ответ от go2rtc: 200 OK
2025/05/28 21:30:10 ✅ WebRTC answer получен для канала 602
[GIN] 2025/05/28 - 21:30:10 | 200 |    132.1405ms |   212.96.82.166 | POST     "/api/webrtc/offer?channel=602"
[GIN] 2025/05/28 - 21:30:26 | 200 |     391.667µs |   212.96.82.166 | GET      "/api/info"
[GIN] 2025/05/28 - 21:30:26 | 200 |      420.75µs |   212.96.82.166 | GET      "/api/info"
[GIN] 2025/05/28 - 21:30:29 | 200 |      449.25µs | 2a03:32c0:300d:996e:b52c:6bf3:7924:ac5c | GET      "/api/info"
[GIN] 2025/05/28 - 21:30:29 | 200 |       548.5µs | 2a03:32c0:300d:996e:b52c:6bf3:7924:ac5c | GET      "/api/info"
[GIN] 2025/05/28 - 21:30:47 | 200 |         967µs |   212.96.82.166 | GET      "/"
[GIN] 2025/05/28 - 21:30:47 | 404 |       5.541µs |   212.96.82.166 | GET      "/favicon.ico"
[GIN] 2025/05/28 - 21:30:56 | 200 |     667.709µs |   212.96.82.166 | GET      "/api/info"
[GIN] 2025/05/28 - 21:30:57 | 200 |    1.642417ms |   212.96.82.166 | GET      "/api/info"
[GIN] 2025/05/28 - 21:30:59 | 200 |      335.75µs | 2a03:32c0:300d:996e:b52c:6bf3:7924:ac5c | GET      "/api/info"
[GIN] 2025/05/28 - 21:30:59 | 200 |     640.166µs | 2a03:32c0:300d:996e:b52c:6bf3:7924:ac5c | GET      "/api/info"
[GIN] 2025/05/28 - 21:31:29 | 200 |     577.708µs | 2a03:32c0:300d:996e:b52c:6bf3:7924:ac5c | GET      "/api/info"
[GIN] 2025/05/28 - 21:31:29 | 200 |     322.291µs | 2a03:32c0:300d:996e:b52c:6bf3:7924:ac5c | GET      "/api/info"
[GIN] 2025/05/28 - 21:31:59 | 200 |     585.542µs | 2a03:32c0:300d:996e:b52c:6bf3:7924:ac5c | GET      "/api/info"
[GIN] 2025/05/28 - 21:31:59 | 200 |     267.625µs | 2a03:32c0:300d:996e:b52c:6bf3:7924:ac5c | GET      "/api/info"
[GIN] 2025/05/28 - 21:32:29 | 200 |         377µs | 2a03:32c0:300d:996e:b52c:6bf3:7924:ac5c | GET      "/api/info"
[GIN] 2025/05/28 - 21:32:29 | 200 |      566.25µs | 2a03:32c0:300d:996e:b52c:6bf3:7924:ac5c | GET      "/api/info"
[GIN] 2025/05/28 - 21:32:59 | 200 |     454.084µs | 2a03:32c0:300d:996e:b52c:6bf3:7924:ac5c | GET      "/api/info"
[GIN] 2025/05/28 - 21:32:59 | 200 |     483.917µs | 2a03:32c0:300d:996e:b52c:6bf3:7924:ac5c | GET      "/api/info"
[GIN] 2025/05/28 - 21:33:29 | 200 |         411µs | 2a03:32c0:300d:996e:b52c:6bf3:7924:ac5c | GET      "/api/info"
[GIN] 2025/05/28 - 21:33:29 | 200 |     360.416µs | 2a03:32c0:300d:996e:b52c:6bf3:7924:ac5c | GET      "/api/info"
[GIN] 2025/05/28 - 21:34:36 | 200 |    3.060792ms | 2a03:32c0:300d:996e:b52c:6bf3:7924:ac5c | GET      "/"
[GIN] 2025/05/28 - 21:34:36 | 304 |     2.27775ms | 2a03:32c0:300d:996e:b52c:6bf3:7924:ac5c | GET      "/static/js/main.js"
[GIN] 2025/05/28 - 21:34:37 | 200 |     843.958µs | 2a03:32c0:300d:996e:b52c:6bf3:7924:ac5c | GET      "/api/info"
[GIN] 2025/05/28 - 21:34:37 | 200 |     235.334µs | 2a03:32c0:300d:996e:b52c:6bf3:7924:ac5c | GET      "/api/info"
2025/05/28 21:34:40 🔴 ПРЯМОЙ ЭФИР - Запрос канала 402 (📹 Камера 4)
[GIN] 2025/05/28 - 21:34:40 | 200 |    1.082875ms | 2a03:32c0:300d:996e:b52c:6bf3:7924:ac5c | GET      "/api/stream/402"
2025/05/28 21:34:41 🎯 WebRTC OFFER для канала 402
2025/05/28 21:34:41 🔄 Отправка запроса к go2rtc: http://localhost:1984/api/webrtc?src=402
2025/05/28 21:34:41 📤 Отправка запроса к go2rtc...
2025/05/28 21:34:41 📥 Получен ответ от go2rtc: 200 OK
2025/05/28 21:34:41 ✅ WebRTC answer получен для канала 402
[GIN] 2025/05/28 - 21:34:41 | 200 |  273.197916ms | 2a03:32c0:300d:996e:b52c:6bf3:7924:ac5c | POST     "/api/webrtc/offer?channel=402"
2025/05/28 21:34:44 🔴 ПРЯМОЙ ЭФИР - Запрос канала 502 (📹 Камера 5)
[GIN] 2025/05/28 - 21:34:44 | 200 |     505.708µs | 2a03:32c0:300d:996e:b52c:6bf3:7924:ac5c | GET      "/api/stream/502"
2025/05/28 21:34:45 🎯 WebRTC OFFER для канала 502
2025/05/28 21:34:45 🔄 Отправка запроса к go2rtc: http://localhost:1984/api/webrtc?src=502
2025/05/28 21:34:45 📤 Отправка запроса к go2rtc...
2025/05/28 21:34:45 📥 Получен ответ от go2rtc: 200 OK
2025/05/28 21:34:45 ✅ WebRTC answer получен для канала 502
[GIN] 2025/05/28 - 21:34:45 | 200 |  276.937583ms | 2a03:32c0:300d:996e:b52c:6bf3:7924:ac5c | POST     "/api/webrtc/offer?channel=502"
2025/05/28 21:34:47 📼 ПОИСК АРХИВА - Канал 502, период: 28.05.2025 - 28.05.2025
2025/05/28 21:34:47 ✅ Найдено записей: 4
[GIN] 2025/05/28 - 21:34:47 | 200 |   16.781333ms | 2a03:32c0:300d:996e:b52c:6bf3:7924:ac5c | GET      "/api/recordings?channel=502&start=28.05.2025&end=28.05.2025"
2025/05/28 21:34:50 📺 АРХИВНОЕ ВОСПРОИЗВЕДЕНИЕ - Канал 502, время: 2025-05-28T14:00:00Z - 2025-05-28T15:15:00Z
[GIN] 2025/05/28 - 21:34:50 | 200 |     128.459µs | 2a03:32c0:300d:996e:b52c:6bf3:7924:ac5c | GET      "/api/playback-url?channel=502&start=2025-05-28T14:00:00Z&end=2025-05-28T15:15:00Z"
[GIN] 2025/05/28 - 21:34:53 | 200 |     982.542µs | 2a03:32c0:300d:996e:b52c:6bf3:7924:ac5c | GET      "/"
[GIN] 2025/05/28 - 21:34:53 | 304 |    1.123791ms | 2a03:32c0:300d:996e:b52c:6bf3:7924:ac5c | GET      "/static/css/style.css"
[GIN] 2025/05/28 - 21:34:53 | 304 |     225.666µs | 2a03:32c0:300d:996e:b52c:6bf3:7924:ac5c | GET      "/static/js/main.js"
[GIN] 2025/05/28 - 21:34:54 | 200 |     400.333µs | 2a03:32c0:300d:996e:b52c:6bf3:7924:ac5c | GET      "/api/info"
[GIN] 2025/05/28 - 21:34:54 | 200 |    1.747583ms | 2a03:32c0:300d:996e:b52c:6bf3:7924:ac5c | GET      "/api/info"
2025/05/28 21:34:57 🔴 ПРЯМОЙ ЭФИР - Запрос канала 502 (📹 Камера 5)
[GIN] 2025/05/28 - 21:34:57 | 200 |     289.167µs | 2a03:32c0:300d:996e:b52c:6bf3:7924:ac5c | GET      "/api/stream/502"
2025/05/28 21:34:57 🎯 WebRTC OFFER для канала 502
2025/05/28 21:34:57 🔄 Отправка запроса к go2rtc: http://localhost:1984/api/webrtc?src=502
2025/05/28 21:34:57 📤 Отправка запроса к go2rtc...
2025/05/28 21:34:57 📥 Получен ответ от go2rtc: 200 OK
2025/05/28 21:34:57 ✅ WebRTC answer получен для канала 502
[GIN] 2025/05/28 - 21:34:57 | 200 |  231.376667ms | 2a03:32c0:300d:996e:b52c:6bf3:7924:ac5c | POST     "/api/webrtc/offer?channel=502"
2025/05/28 21:35:03 🔴 ПРЯМОЙ ЭФИР - Запрос канала 1202 (📹 Камера 12)
[GIN] 2025/05/28 - 21:35:03 | 200 |    4.986834ms | 2a03:32c0:300d:996e:b52c:6bf3:7924:ac5c | GET      "/api/stream/1202"
2025/05/28 21:35:04 🎯 WebRTC OFFER для канала 1202
2025/05/28 21:35:04 🔄 Отправка запроса к go2rtc: http://localhost:1984/api/webrtc?src=1202
2025/05/28 21:35:04 📤 Отправка запроса к go2rtc...
2025/05/28 21:35:04 📥 Получен ответ от go2rtc: 200 OK
2025/05/28 21:35:04 ✅ WebRTC answer получен для канала 1202
[GIN] 2025/05/28 - 21:35:04 | 200 |  295.217875ms | 2a03:32c0:300d:996e:b52c:6bf3:7924:ac5c | POST     "/api/webrtc/offer?channel=1202"
2025/05/28 21:35:08 🔴 ПРЯМОЙ ЭФИР - Запрос канала 1302 (📹 Камера 13)
[GIN] 2025/05/28 - 21:35:08 | 200 |         117µs | 2a03:32c0:300d:996e:b52c:6bf3:7924:ac5c | GET      "/api/stream/1302"
2025/05/28 21:35:09 🎯 WebRTC OFFER для канала 1302
2025/05/28 21:35:09 🔄 Отправка запроса к go2rtc: http://localhost:1984/api/webrtc?src=1302
2025/05/28 21:35:09 📤 Отправка запроса к go2rtc...
2025/05/28 21:35:09 📥 Получен ответ от go2rtc: 200 OK
2025/05/28 21:35:09 ✅ WebRTC answer получен для канала 1302
[GIN] 2025/05/28 - 21:35:09 | 200 |  348.288167ms | 2a03:32c0:300d:996e:b52c:6bf3:7924:ac5c | POST     "/api/webrtc/offer?channel=1302"
2025/05/28 21:35:12 🔴 ПРЯМОЙ ЭФИР - Запрос канала 1402 (📹 Камера 14)
[GIN] 2025/05/28 - 21:35:12 | 200 |     178.834µs | 2a03:32c0:300d:996e:b52c:6bf3:7924:ac5c | GET      "/api/stream/1402"
2025/05/28 21:35:13 🎯 WebRTC OFFER для канала 1402
2025/05/28 21:35:13 🔄 Отправка запроса к go2rtc: http://localhost:1984/api/webrtc?src=1402
2025/05/28 21:35:13 📤 Отправка запроса к go2rtc...
2025/05/28 21:35:13 📥 Получен ответ от go2rtc: 200 OK
2025/05/28 21:35:13 ✅ WebRTC answer получен для канала 1402
[GIN] 2025/05/28 - 21:35:13 | 200 |  280.866167ms | 2a03:32c0:300d:996e:b52c:6bf3:7924:ac5c | POST     "/api/webrtc/offer?channel=1402"
2025/05/28 21:35:20 🔴 ПРЯМОЙ ЭФИР - Запрос канала 1502 (📹 Камера 15)
[GIN] 2025/05/28 - 21:35:20 | 200 |     351.959µs | 2a03:32c0:300d:996e:b52c:6bf3:7924:ac5c | GET      "/api/stream/1502"
2025/05/28 21:35:20 🎯 WebRTC OFFER для канала 1502
2025/05/28 21:35:20 🔄 Отправка запроса к go2rtc: http://localhost:1984/api/webrtc?src=1502
2025/05/28 21:35:20 📤 Отправка запроса к go2rtc...
2025/05/28 21:35:20 📥 Получен ответ от go2rtc: 200 OK
2025/05/28 21:35:20 ✅ WebRTC answer получен для канала 1502
[GIN] 2025/05/28 - 21:35:20 | 200 |  271.951917ms | 2a03:32c0:300d:996e:b52c:6bf3:7924:ac5c | POST     "/api/webrtc/offer?channel=1502"
[GIN] 2025/05/28 - 21:35:24 | 200 |     410.833µs | 2a03:32c0:300d:996e:b52c:6bf3:7924:ac5c | GET      "/api/info"
[GIN] 2025/05/28 - 21:35:24 | 200 |     451.125µs | 2a03:32c0:300d:996e:b52c:6bf3:7924:ac5c | GET      "/api/info"
2025/05/28 21:35:27 🔴 ПРЯМОЙ ЭФИР - Запрос канала 1602 (📹 Камера 16)
[GIN] 2025/05/28 - 21:35:27 | 200 |     474.917µs | 2a03:32c0:300d:996e:b52c:6bf3:7924:ac5c | GET      "/api/stream/1602"
2025/05/28 21:35:27 🎯 WebRTC OFFER для канала 1602
2025/05/28 21:35:27 🔄 Отправка запроса к go2rtc: http://localhost:1984/api/webrtc?src=1602
2025/05/28 21:35:27 📤 Отправка запроса к go2rtc...
2025/05/28 21:35:28 📥 Получен ответ от go2rtc: 200 OK
2025/05/28 21:35:28 ✅ WebRTC answer получен для канала 1602
[GIN] 2025/05/28 - 21:35:28 | 200 |  264.157042ms | 2a03:32c0:300d:996e:b52c:6bf3:7924:ac5c | POST     "/api/webrtc/offer?channel=1602"
2025/05/28 21:35:31 🔴 ПРЯМОЙ ЭФИР - Запрос канала 802 (📹 Камера 8)
[GIN] 2025/05/28 - 21:35:31 | 200 |     302.458µs | 2a03:32c0:300d:996e:b52c:6bf3:7924:ac5c | GET      "/api/stream/802"
2025/05/28 21:35:32 🎯 WebRTC OFFER для канала 802
2025/05/28 21:35:32 🔄 Отправка запроса к go2rtc: http://localhost:1984/api/webrtc?src=802
2025/05/28 21:35:32 📤 Отправка запроса к go2rtc...
2025/05/28 21:35:32 📥 Получен ответ от go2rtc: 200 OK
2025/05/28 21:35:32 ✅ WebRTC answer получен для канала 802
[GIN] 2025/05/28 - 21:35:32 | 200 |  280.225417ms | 2a03:32c0:300d:996e:b52c:6bf3:7924:ac5c | POST     "/api/webrtc/offer?channel=802"
2025/05/28 21:35:36 🔴 ПРЯМОЙ ЭФИР - Запрос канала 702 (📹 Камера 7)
[GIN] 2025/05/28 - 21:35:36 | 200 |     441.292µs | 2a03:32c0:300d:996e:b52c:6bf3:7924:ac5c | GET      "/api/stream/702"
2025/05/28 21:35:37 🎯 WebRTC OFFER для канала 702
2025/05/28 21:35:37 🔄 Отправка запроса к go2rtc: http://localhost:1984/api/webrtc?src=702
2025/05/28 21:35:37 📤 Отправка запроса к go2rtc...
2025/05/28 21:35:37 📥 Получен ответ от go2rtc: 200 OK
2025/05/28 21:35:37 ✅ WebRTC answer получен для канала 702
[GIN] 2025/05/28 - 21:35:37 | 200 |  269.225417ms | 2a03:32c0:300d:996e:b52c:6bf3:7924:ac5c | POST     "/api/webrtc/offer?channel=702"
2025/05/28 21:35:42 🔴 ПРЯМОЙ ЭФИР - Запрос канала 602 (📹 Камера 6)
[GIN] 2025/05/28 - 21:35:42 | 200 |     452.666µs | 2a03:32c0:300d:996e:b52c:6bf3:7924:ac5c | GET      "/api/stream/602"
2025/05/28 21:35:42 🎯 WebRTC OFFER для канала 602
2025/05/28 21:35:42 🔄 Отправка запроса к go2rtc: http://localhost:1984/api/webrtc?src=602
2025/05/28 21:35:42 📤 Отправка запроса к go2rtc...
2025/05/28 21:35:43 📥 Получен ответ от go2rtc: 200 OK
2025/05/28 21:35:43 ✅ WebRTC answer получен для канала 602
[GIN] 2025/05/28 - 21:35:43 | 200 |  263.222708ms | 2a03:32c0:300d:996e:b52c:6bf3:7924:ac5c | POST     "/api/webrtc/offer?channel=602"
[GIN] 2025/05/28 - 21:35:51 | 404 |       9.208µs |             ::1 | GET      "/api/cameras"
[GIN] 2025/05/28 - 21:35:51 | 200 |     1.55675ms |             ::1 | GET      "/api/info"
[GIN] 2025/05/28 - 21:35:54 | 200 |     406.208µs | 2a03:32c0:300d:996e:b52c:6bf3:7924:ac5c | GET      "/api/info"
[GIN] 2025/05/28 - 21:35:54 | 200 |     450.542µs | 2a03:32c0:300d:996e:b52c:6bf3:7924:ac5c | GET      "/api/info"
[GIN] 2025/05/28 - 21:36:24 | 200 |     627.916µs | 2a03:32c0:300d:996e:b52c:6bf3:7924:ac5c | GET      "/api/info"
[GIN] 2025/05/28 - 21:36:24 | 200 |     630.125µs | 2a03:32c0:300d:996e:b52c:6bf3:7924:ac5c | GET      "/api/info"
2025/05/28 21:36:32 🔴 ПРЯМОЙ ЭФИР - Запрос канала 102 (📹 Камера 1)
[GIN] 2025/05/28 - 21:36:32 | 200 |     353.542µs | 2a03:32c0:300d:996e:b52c:6bf3:7924:ac5c | GET      "/api/stream/102"
2025/05/28 21:36:32 🎯 WebRTC OFFER для канала 102
2025/05/28 21:36:32 🔄 Отправка запроса к go2rtc: http://localhost:1984/api/webrtc?src=102
2025/05/28 21:36:32 📤 Отправка запроса к go2rtc...
2025/05/28 21:36:33 📥 Получен ответ от go2rtc: 200 OK
2025/05/28 21:36:33 ✅ WebRTC answer получен для канала 102
[GIN] 2025/05/28 - 21:36:33 | 200 |  252.480958ms | 2a03:32c0:300d:996e:b52c:6bf3:7924:ac5c | POST     "/api/webrtc/offer?channel=102"
2025/05/28 21:36:36 🔴 ПРЯМОЙ ЭФИР - Запрос канала 202 (📹 Камера 2)
[GIN] 2025/05/28 - 21:36:36 | 200 |     315.291µs | 2a03:32c0:300d:996e:b52c:6bf3:7924:ac5c | GET      "/api/stream/202"
2025/05/28 21:36:37 🎯 WebRTC OFFER для канала 202
2025/05/28 21:36:37 🔄 Отправка запроса к go2rtc: http://localhost:1984/api/webrtc?src=202
2025/05/28 21:36:37 📤 Отправка запроса к go2rtc...
2025/05/28 21:36:37 📥 Получен ответ от go2rtc: 200 OK
2025/05/28 21:36:37 ✅ WebRTC answer получен для канала 202
[GIN] 2025/05/28 - 21:36:37 | 200 |  242.848667ms | 2a03:32c0:300d:996e:b52c:6bf3:7924:ac5c | POST     "/api/webrtc/offer?channel=202"
2025/05/28 21:36:43 🔴 ПРЯМОЙ ЭФИР - Запрос канала 302 (📹 Камера 3)
[GIN] 2025/05/28 - 21:36:43 | 200 |     307.208µs | 2a03:32c0:300d:996e:b52c:6bf3:7924:ac5c | GET      "/api/stream/302"
2025/05/28 21:36:44 🎯 WebRTC OFFER для канала 302
2025/05/28 21:36:44 🔄 Отправка запроса к go2rtc: http://localhost:1984/api/webrtc?src=302
2025/05/28 21:36:44 📤 Отправка запроса к go2rtc...
2025/05/28 21:36:44 📥 Получен ответ от go2rtc: 200 OK
2025/05/28 21:36:44 ✅ WebRTC answer получен для канала 302
[GIN] 2025/05/28 - 21:36:44 | 200 |  282.865708ms | 2a03:32c0:300d:996e:b52c:6bf3:7924:ac5c | POST     "/api/webrtc/offer?channel=302"
2025/05/28 21:36:49 🔴 ПРЯМОЙ ЭФИР - Запрос канала 402 (📹 Камера 4)
[GIN] 2025/05/28 - 21:36:49 | 200 |     290.333µs | 2a03:32c0:300d:996e:b52c:6bf3:7924:ac5c | GET      "/api/stream/402"
2025/05/28 21:36:49 🎯 WebRTC OFFER для канала 402
2025/05/28 21:36:49 🔄 Отправка запроса к go2rtc: http://localhost:1984/api/webrtc?src=402
2025/05/28 21:36:49 📤 Отправка запроса к go2rtc...
2025/05/28 21:36:49 📥 Получен ответ от go2rtc: 200 OK
2025/05/28 21:36:49 ✅ WebRTC answer получен для канала 402
[GIN] 2025/05/28 - 21:36:49 | 200 |  255.113083ms | 2a03:32c0:300d:996e:b52c:6bf3:7924:ac5c | POST     "/api/webrtc/offer?channel=402"
[GIN] 2025/05/28 - 21:36:54 | 200 |     941.625µs | 2a03:32c0:300d:996e:b52c:6bf3:7924:ac5c | GET      "/api/info"
[GIN] 2025/05/28 - 21:36:54 | 200 |         332µs | 2a03:32c0:300d:996e:b52c:6bf3:7924:ac5c | GET      "/api/info"
2025/05/28 21:37:05 🔴 ПРЯМОЙ ЭФИР - Запрос канала 502 (📹 Камера 5)
[GIN] 2025/05/28 - 21:37:05 | 200 |       298.5µs | 2a03:32c0:300d:996e:b52c:6bf3:7924:ac5c | GET      "/api/stream/502"
2025/05/28 21:37:06 🎯 WebRTC OFFER для канала 502
2025/05/28 21:37:06 🔄 Отправка запроса к go2rtc: http://localhost:1984/api/webrtc?src=502
2025/05/28 21:37:06 📤 Отправка запроса к go2rtc...
2025/05/28 21:37:06 📥 Получен ответ от go2rtc: 200 OK
2025/05/28 21:37:06 ✅ WebRTC answer получен для канала 502
[GIN] 2025/05/28 - 21:37:06 | 200 |    260.1315ms | 2a03:32c0:300d:996e:b52c:6bf3:7924:ac5c | POST     "/api/webrtc/offer?channel=502"
2025/05/28 21:37:10 🔴 ПРЯМОЙ ЭФИР - Запрос канала 602 (📹 Камера 6)
[GIN] 2025/05/28 - 21:37:10 | 200 |         690µs | 2a03:32c0:300d:996e:b52c:6bf3:7924:ac5c | GET      "/api/stream/602"
2025/05/28 21:37:10 🎯 WebRTC OFFER для канала 602
2025/05/28 21:37:10 🔄 Отправка запроса к go2rtc: http://localhost:1984/api/webrtc?src=602
2025/05/28 21:37:10 📤 Отправка запроса к go2rtc...
2025/05/28 21:37:10 📥 Получен ответ от go2rtc: 200 OK
2025/05/28 21:37:10 ✅ WebRTC answer получен для канала 602
[GIN] 2025/05/28 - 21:37:10 | 200 |  266.958416ms | 2a03:32c0:300d:996e:b52c:6bf3:7924:ac5c | POST     "/api/webrtc/offer?channel=602"
2025/05/28 21:37:24 🔴 ПРЯМОЙ ЭФИР - Запрос канала 602 (📹 Камера 6)
[GIN] 2025/05/28 - 21:37:24 | 200 |     342.167µs | 2a03:32c0:300d:996e:b52c:6bf3:7924:ac5c | GET      "/api/stream/602"
[GIN] 2025/05/28 - 21:37:24 | 200 |     505.083µs | 2a03:32c0:300d:996e:b52c:6bf3:7924:ac5c | GET      "/api/info"
[GIN] 2025/05/28 - 21:37:24 | 200 |     468.584µs | 2a03:32c0:300d:996e:b52c:6bf3:7924:ac5c | GET      "/api/info"
2025/05/28 21:37:24 🎯 WebRTC OFFER для канала 602
2025/05/28 21:37:24 🔄 Отправка запроса к go2rtc: http://localhost:1984/api/webrtc?src=602
2025/05/28 21:37:24 📤 Отправка запроса к go2rtc...
2025/05/28 21:37:25 📥 Получен ответ от go2rtc: 200 OK
2025/05/28 21:37:25 ✅ WebRTC answer получен для канала 602
[GIN] 2025/05/28 - 21:37:25 | 200 |     179.393ms | 2a03:32c0:300d:996e:b52c:6bf3:7924:ac5c | POST     "/api/webrtc/offer?channel=602"
2025/05/28 21:37:27 🔴 ПРЯМОЙ ЭФИР - Запрос канала 602 (📹 Камера 6)
[GIN] 2025/05/28 - 21:37:27 | 200 |     383.375µs | 2a03:32c0:300d:996e:b52c:6bf3:7924:ac5c | GET      "/api/stream/602"
2025/05/28 21:37:27 🎯 WebRTC OFFER для канала 602
2025/05/28 21:37:27 🔄 Отправка запроса к go2rtc: http://localhost:1984/api/webrtc?src=602
2025/05/28 21:37:27 📤 Отправка запроса к go2rtc...
2025/05/28 21:37:27 📥 Получен ответ от go2rtc: 200 OK
2025/05/28 21:37:27 ✅ WebRTC answer получен для канала 602
[GIN] 2025/05/28 - 21:37:27 | 200 |  227.621875ms | 2a03:32c0:300d:996e:b52c:6bf3:7924:ac5c | POST     "/api/webrtc/offer?channel=602"
[GIN] 2025/05/28 - 21:37:54 | 200 |     168.542µs | 2a03:32c0:300d:996e:b52c:6bf3:7924:ac5c | GET      "/api/info"
[GIN] 2025/05/28 - 21:37:54 | 200 |     330.792µs | 2a03:32c0:300d:996e:b52c:6bf3:7924:ac5c | GET      "/api/info"
[GIN] 2025/05/28 - 21:38:23 | 404 |       12.25µs |             ::1 | GET      "/api/cameras"
[GIN] 2025/05/28 - 21:38:23 | 200 |    2.386708ms |             ::1 | GET      "/api/info"
[GIN] 2025/05/28 - 21:38:25 | 200 |     201.583µs | 2a03:32c0:300d:996e:b52c:6bf3:7924:ac5c | GET      "/api/info"
[GIN] 2025/05/28 - 21:38:25 | 200 |     124.958µs | 2a03:32c0:300d:996e:b52c:6bf3:7924:ac5c | GET      "/api/info"
[GIN] 2025/05/28 - 21:38:40 | 404 |      10.458µs |             ::1 | GET      "/api/cameras"
[GIN] 2025/05/28 - 21:38:40 | 200 |     775.167µs |             ::1 | GET      "/api/info"
[GIN] 2025/05/28 - 21:38:43 | 200 |     393.542µs |             ::1 | GET      "/api/info"
[GIN] 2025/05/28 - 21:38:43 | 404 |      14.875µs |             ::1 | GET      "/api/cameras"
[GIN] 2025/05/28 - 21:39:01 | 200 |     492.167µs | 2a03:32c0:300d:996e:b52c:6bf3:7924:ac5c | GET      "/api/info"
[GIN] 2025/05/28 - 21:39:01 | 200 |     1.10925ms | 2a03:32c0:300d:996e:b52c:6bf3:7924:ac5c | GET      "/api/info"
[GIN] 2025/05/28 - 21:39:31 | 200 |      698.75µs | 2a03:32c0:300d:996e:b52c:6bf3:7924:ac5c | GET      "/api/info"
[GIN] 2025/05/28 - 21:39:31 | 200 |     922.958µs | 2a03:32c0:300d:996e:b52c:6bf3:7924:ac5c | GET      "/api/info"
[GIN] 2025/05/28 - 21:40:10 | 200 |     582.625µs | 2a03:32c0:300d:996e:b52c:6bf3:7924:ac5c | GET      "/api/info"
[GIN] 2025/05/28 - 21:40:10 | 200 |     821.375µs | 2a03:32c0:300d:996e:b52c:6bf3:7924:ac5c | GET      "/api/info"
[GIN] 2025/05/28 - 21:40:42 | 200 |     354.459µs | 2a03:32c0:300d:996e:b52c:6bf3:7924:ac5c | GET      "/api/info"
[GIN] 2025/05/28 - 21:40:42 | 200 |       2.014ms | 2a03:32c0:300d:996e:b52c:6bf3:7924:ac5c | GET      "/api/info"
[GIN] 2025/05/28 - 21:41:46 | 200 |     759.083µs | 2a03:32c0:300d:996e:b52c:6bf3:7924:ac5c | GET      "/api/info"
[GIN] 2025/05/28 - 21:41:46 | 200 |     267.792µs | 2a03:32c0:300d:996e:b52c:6bf3:7924:ac5c | GET      "/api/info"
21:43:37.789 WRN github.com/AlexxIT/go2rtc/internal/streams/producer.go:170 > error="read tcp 192.168.8.4:62536->192.168.8.10:554: i/o timeout" url=rtsp://admin:oborotni2447@192.168.8.10:554/Streaming/Channels/602
[GIN] 2025/05/28 - 23:25:40 | 200 |    2.841541ms |   95.57.187.101 | GET      "/api/info"
[GIN] 2025/05/28 - 23:25:40 | 200 |    2.644292ms |   95.57.187.101 | GET      "/api/info"
[GIN] 2025/05/29 - 00:44:05 | 200 |     2.47575ms |   95.57.187.101 | GET      "/api/info"
[GIN] 2025/05/29 - 00:44:05 | 200 |    2.240584ms |   95.57.187.101 | GET      "/api/info"
